2 SCANNER ERROR: "decaf-scanner-eatFirst" (line 2, column 2):
unexpected "\n"
expecting quoted character
3 SCANNER ERROR: "decaf-scanner-eatNext" (line 3, column 2):
unexpected "\n"
expecting quoted character
