2 SCANNER ERROR: "decaf-scanner-eatFirst" (line 2, column 4):
unexpected "\n"
expecting "'"
