2 SCANNER ERROR: "decaf-scanner-eatFirst" (line 2, column 3):
unexpected "b"
expecting "'"
2 SCANNER ERROR: "decaf-scanner-eatNext" (line 2, column 5):
unexpected "\n"
expecting quoted character
