2 SCANNER ERROR: "decaf-scanner-eatFirst" (line 2, column 3):
unexpected "\n"
