2 SCANNER ERROR: "test-scanner" (line 2, column 6):
unexpected "'"
expecting quoted character or "\""
