2 STRINGLITERAL "I" \\"''\t\tam a STRING\n"
3 EOF
