2 {
2 -
2 INTLITERAL 123
2 -
2 IDENTIFIER a35
2 ,
2 IDENTIFIER id3a
2 ,
2 +
2 *
2 ;
2 }
2 [
2 ||
2 ==
2 =
2 !=
2 (
2 )
2 &&
2 ]
2 <
2 >
2 <=
2 >=
2 =
3 IDENTIFIER a
3 [
3 INTLITERAL 24
3 ]
3 =
3 CHARLITERAL '7'
3 ;
3 IDENTIFIER n
3 !=
3 RIDENTIFIER if
3 ;
4 BOOLEANLITERAL False
4 ,
4 -
4 RIDENTIFIER if
4 ;
4 IDENTIFIER true32
4 ;
5 IDENTIFIER forpar
7 EOF
