2 RIDENTIFIER boolean
3 RIDENTIFIER callout
4 RIDENTIFIER class
5 RIDENTIFIER else
6 BOOLEANLITERAL False
7 RIDENTIFIER if
8 RIDENTIFIER int
9 RIDENTIFIER return
10 BOOLEANLITERAL True
11 RIDENTIFIER void
12 RIDENTIFIER for
13 IDENTIFIER forpar
14 RIDENTIFIER break
15 RIDENTIFIER continue
16 EOF
