2 IDENTIFIER booleancalloutclasselsefalseifintreturntruevoidforforparbreakcontinue
4 EOF
